// Jest Snapshot v1, https://goo.gl/fbAQLP

exports[`renders correctly 1`] = `
.c0 {
  padding: 12px;
  width: 200px;
  font-size: 16px;
  color: red;
  background-color: #fefefe;
  text-align: center;
}

<div
  className="c0"
  color="red"
  fontSize={2}
  width={200}
/>
`;
