// Jest Snapshot v1, https://goo.gl/fbAQLP

exports[`renders correctly 1`] = `
.c0 {
  padding: 12px;
  font-size: 12px;
  color: #111;
}

<h2
  className="c0"
  color="black"
  fontSize={1}
/>
`;
